<?xml version="1.0" encoding="utf-8"?><testsuites name="pytest tests"><testsuite name="pytest" errors="0" failures="16" skipped="0" tests="30" time="1.076" timestamp="2026-05-14T21:52:29.475585+05:30" hostname="mohammed_TUF"><testcase classname="tests.test_iac001_open_firewall_rules.TestOpenFirewallRuleDetection" name="test_ssh_port_open_to_world_is_detected" time="0.094"><failure message="AssertionError: CKV_AWS_25 not found in failed checks — scanner may not have fired.&#10;  Failed: []&#10;assert 'CKV_AWS_25' in set()">tests\test_iac001_open_firewall_rules.py:49: in test_ssh_port_open_to_world_is_detected
    assert SSH_CHECK in fails, (
E   AssertionError: CKV_AWS_25 not found in failed checks — scanner may not have fired.
E     Failed: []
E   assert 'CKV_AWS_25' in set()</failure></testcase><testcase classname="tests.test_iac001_open_firewall_rules.TestOpenFirewallRuleDetection" name="test_violation_fixture_produces_failures" time="0.002"><failure message="AssertionError: Checkov found zero violations — scanner may not be working&#10;assert set()">tests\test_iac001_open_firewall_rules.py:57: in test_violation_fixture_produces_failures
    assert fails, "Checkov found zero violations — scanner may not be working"
E   AssertionError: Checkov found zero violations — scanner may not be working
E   assert set()</failure></testcase><testcase classname="tests.test_iac001_open_firewall_rules.TestOpenFirewallRuleDetection" name="test_compliant_fixture_has_no_ssh_violation" time="0.102" /><testcase classname="tests.test_iac001_open_firewall_rules.TestOpenFirewallRuleDetection" name="test_iac001_score_for_violation_fixture" time="0.002"><failure message="AssertionError: Score should be &lt;100 when open firewall rules are present&#10;assert 100.0 &lt; 100">tests\test_iac001_open_firewall_rules.py:84: in test_iac001_score_for_violation_fixture
    assert result["normalized_0_100"] &lt; 100, (
E   AssertionError: Score should be &lt;100 when open firewall rules are present
E   assert 100.0 &lt; 100</failure></testcase><testcase classname="tests.test_iac001_open_firewall_rules.TestOpenFirewallRuleDetection" name="test_iac001_score_for_compliant_fixture" time="0.002" /><testcase classname="tests.test_iac001_open_firewall_rules.TestOpenFirewallRuleDetection" name="test_compliant_pass_rate_exceeds_violation" time="0.001" /><testcase classname="tests.test_iac002_unencrypted_storage.TestUnencryptedStorageDetection" name="test_unencrypted_rds_is_detected" time="0.090"><failure message="AssertionError: CKV_AWS_17 not in failed checks — unencrypted RDS not flagged.&#10;  Failed: []&#10;assert 'CKV_AWS_17' in set()">tests\test_iac002_unencrypted_storage.py:49: in test_unencrypted_rds_is_detected
    assert RDS_ENCRYPTED_CHECK in fails, (
E   AssertionError: CKV_AWS_17 not in failed checks — unencrypted RDS not flagged.
E     Failed: []
E   assert 'CKV_AWS_17' in set()</failure></testcase><testcase classname="tests.test_iac002_unencrypted_storage.TestUnencryptedStorageDetection" name="test_violation_fixture_produces_failures" time="0.002"><failure message="AssertionError: Checkov found zero violations on unencrypted_rds.tf&#10;assert set()">tests\test_iac002_unencrypted_storage.py:57: in test_violation_fixture_produces_failures
    assert fails, "Checkov found zero violations on unencrypted_rds.tf"
E   AssertionError: Checkov found zero violations on unencrypted_rds.tf
E   assert set()</failure></testcase><testcase classname="tests.test_iac002_unencrypted_storage.TestUnencryptedStorageDetection" name="test_compliant_s3_encryption_passes" time="0.002" /><testcase classname="tests.test_iac002_unencrypted_storage.TestUnencryptedStorageDetection" name="test_compliant_has_no_rds_encryption_violation" time="0.001" /><testcase classname="tests.test_iac002_unencrypted_storage.TestUnencryptedStorageDetection" name="test_iac002_score_for_violation_fixture" time="0.002"><failure message="AssertionError: Score should be &lt;100 when unencrypted resources are detected&#10;assert 100.0 &lt; 100">tests\test_iac002_unencrypted_storage.py:92: in test_iac002_score_for_violation_fixture
    assert result["normalized_0_100"] &lt; 100, (
E   AssertionError: Score should be &lt;100 when unencrypted resources are detected
E   assert 100.0 &lt; 100</failure></testcase><testcase classname="tests.test_iac002_unencrypted_storage.TestUnencryptedStorageDetection" name="test_iac002_score_for_compliant_fixture" time="0.002" /><testcase classname="tests.test_iac003_public_storage_access.TestPublicStorageAccessDetection" name="test_public_access_block_disabled_is_detected" time="0.093"><failure message="AssertionError: None of {'CKV_AWS_53', 'CKV_AWS_55', 'CKV_AWS_54', 'CKV_AWS_56'} found in failed checks.&#10;  Failed: []&#10;assert set()">tests\test_iac003_public_storage_access.py:58: in test_public_access_block_disabled_is_detected
    assert triggered, (
E   AssertionError: None of {'CKV_AWS_53', 'CKV_AWS_55', 'CKV_AWS_54', 'CKV_AWS_56'} found in failed checks.
E     Failed: []
E   assert set()</failure></testcase><testcase classname="tests.test_iac003_public_storage_access.TestPublicStorageAccessDetection" name="test_all_four_public_access_block_flags_detected" time="0.002"><failure message="AssertionError: Expected all four public-block checks to fail; missing violations for: {'CKV_AWS_53', 'CKV_AWS_55', 'CKV_AWS_54', 'CKV_AWS_56'}&#10;assert not {'CKV_AWS_53', 'CKV_AWS_55', 'CKV_AWS_54', 'CKV_AWS_56'}">tests\test_iac003_public_storage_access.py:73: in test_all_four_public_access_block_flags_detected
    assert not missing, (
E   AssertionError: Expected all four public-block checks to fail; missing violations for: {'CKV_AWS_53', 'CKV_AWS_55', 'CKV_AWS_54', 'CKV_AWS_56'}
E   assert not {'CKV_AWS_53', 'CKV_AWS_55', 'CKV_AWS_54', 'CKV_AWS_56'}</failure></testcase><testcase classname="tests.test_iac003_public_storage_access.TestPublicStorageAccessDetection" name="test_violation_fixture_produces_failures" time="0.002"><failure message="AssertionError: Checkov found zero violations on public_s3.tf&#10;assert set()">tests\test_iac003_public_storage_access.py:81: in test_violation_fixture_produces_failures
    assert fails, "Checkov found zero violations on public_s3.tf"
E   AssertionError: Checkov found zero violations on public_s3.tf
E   assert set()</failure></testcase><testcase classname="tests.test_iac003_public_storage_access.TestPublicStorageAccessDetection" name="test_compliant_public_access_is_blocked" time="0.002" /><testcase classname="tests.test_iac003_public_storage_access.TestPublicStorageAccessDetection" name="test_iac003_score_for_violation_fixture" time="0.003"><failure message="AssertionError: Score should be &lt;100 when publicly accessible buckets are present&#10;assert 100.0 &lt; 100">tests\test_iac003_public_storage_access.py:111: in test_iac003_score_for_violation_fixture
    assert result["normalized_0_100"] &lt; 100, (
E   AssertionError: Score should be &lt;100 when publicly accessible buckets are present
E   assert 100.0 &lt; 100</failure></testcase><testcase classname="tests.test_iac003_public_storage_access.TestPublicStorageAccessDetection" name="test_iac003_score_for_compliant_fixture" time="0.003" /><testcase classname="tests.test_iac003_public_storage_access.TestPublicStorageAccessDetection" name="test_violation_has_more_public_failures_than_compliant" time="0.003"><failure message="AssertionError: Violation fixture should have more public-access failures than compliant&#10;assert 0 &gt; 0&#10; +  where 0 = len(set())&#10; +  and   0 = len(set())">tests\test_iac003_public_storage_access.py:138: in test_violation_has_more_public_failures_than_compliant
    assert len(viol_fails) &gt; len(comp_fails), (
E   AssertionError: Violation fixture should have more public-access failures than compliant
E   assert 0 &gt; 0
E    +  where 0 = len(set())
E    +  and   0 = len(set())</failure></testcase><testcase classname="tests.test_iac004_cis_benchmark.TestCISBenchmarkViolationFixtures" name="test_open_ssh_violates_cis_4_2" time="0.095"><failure message="AssertionError: CIS 4.2 check CKV_AWS_25 not triggered on violation fixtures.&#10;  Failed: []&#10;assert 'CKV_AWS_25' in set()">tests\test_iac004_cis_benchmark.py:70: in test_open_ssh_violates_cis_4_2
    assert CIS_SSH_CHECK in fails, (
E   AssertionError: CIS 4.2 check CKV_AWS_25 not triggered on violation fixtures.
E     Failed: []
E   assert 'CKV_AWS_25' in set()</failure></testcase><testcase classname="tests.test_iac004_cis_benchmark.TestCISBenchmarkViolationFixtures" name="test_unencrypted_rds_violates_cis" time="0.002"><failure message="AssertionError: CIS RDS encryption check CKV_AWS_17 not triggered.&#10;  Failed: []&#10;assert 'CKV_AWS_17' in set()">tests\test_iac004_cis_benchmark.py:78: in test_unencrypted_rds_violates_cis
    assert CIS_RDS_ENCRYPTION in fails, (
E   AssertionError: CIS RDS encryption check CKV_AWS_17 not triggered.
E     Failed: []
E   assert 'CKV_AWS_17' in set()</failure></testcase><testcase classname="tests.test_iac004_cis_benchmark.TestCISBenchmarkViolationFixtures" name="test_public_s3_violates_cis" time="0.002"><failure message="AssertionError: No CIS S3 public-access block checks triggered.&#10;  Expected any of {'CKV_AWS_53', 'CKV_AWS_55', 'CKV_AWS_54', 'CKV_AWS_56'}&#10;  Failed: []&#10;assert set()">tests\test_iac004_cis_benchmark.py:87: in test_public_s3_violates_cis
    assert triggered, (
E   AssertionError: No CIS S3 public-access block checks triggered.
E     Expected any of {'CKV_AWS_53', 'CKV_AWS_55', 'CKV_AWS_54', 'CKV_AWS_56'}
E     Failed: []
E   assert set()</failure></testcase><testcase classname="tests.test_iac004_cis_benchmark.TestCISBenchmarkViolationFixtures" name="test_violations_dir_cis_score" time="0.003" /><testcase classname="tests.test_iac004_cis_benchmark.TestCISBenchmarkCompliantFixtures" name="test_compliant_no_ssh_violation" time="0.003" /><testcase classname="tests.test_iac004_cis_benchmark.TestCISBenchmarkCompliantFixtures" name="test_compliant_s3_encryption_passes_cis" time="0.002" /><testcase classname="tests.test_iac004_cis_benchmark.TestCISBenchmarkCompliantFixtures" name="test_compliant_s3_public_access_blocked" time="0.002" /><testcase classname="tests.test_iac004_cis_benchmark.TestCISBenchmarkCompliantFixtures" name="test_compliant_dir_higher_cis_score_than_violations" time="0.003"><failure message="AssertionError: Expected compliant (0.0%) &gt; violations (0.0%)&#10;assert 0.0 &gt; 0.0">tests\test_iac004_cis_benchmark.py:147: in test_compliant_dir_higher_cis_score_than_violations
    assert comp_pct &gt; viol_pct, (
E   AssertionError: Expected compliant (0.0%) &gt; violations (0.0%)
E   assert 0.0 &gt; 0.0</failure></testcase><testcase classname="tests.test_iac004_cis_benchmark.TestCISBenchmarkCompliantFixtures" name="test_compliant_dir_cis_score_report" time="0.003" /><testcase classname="tests.test_iac004_cis_benchmark.TestCISBenchmarkSummary" name="test_spot_check_coverage" time="0.002"><failure message="AssertionError: These CIS spot-check IDs were not evaluated by Checkov: {'CKV_AWS_54', 'CKV_AWS_17', 'CKV_AWS_55', 'CKV_AWS_53', 'CKV_AWS_19', 'CKV_AWS_56', 'CKV_AWS_25'}&#10;  Check that the fixture files are valid Terraform.&#10;assert not {'CKV_AWS_54', 'CKV_AWS_17', 'CKV_AWS_55', 'CKV_AWS_53', 'CKV_AWS_19', 'CKV_AWS_56', 'CKV_AWS_25'}">tests\test_iac004_cis_benchmark.py:183: in test_spot_check_coverage
    assert not missing, (
E   AssertionError: These CIS spot-check IDs were not evaluated by Checkov: {'CKV_AWS_54', 'CKV_AWS_17', 'CKV_AWS_55', 'CKV_AWS_53', 'CKV_AWS_19', 'CKV_AWS_56', 'CKV_AWS_25'}
E     Check that the fixture files are valid Terraform.
E   assert not {'CKV_AWS_54', 'CKV_AWS_17', 'CKV_AWS_55', 'CKV_AWS_53', 'CKV_AWS_19', 'CKV_AWS_56', 'CKV_AWS_25'}</failure></testcase><testcase classname="tests.test_iac004_cis_benchmark.TestCISBenchmarkSummary" name="test_full_iac_cis_report" time="0.003" /></testsuite></testsuites>